src/data/mock-data.ts(43,7): error TS2741: Property 'order' is missing in type '{ id: string; name: string; progress: number; color: string; startDate: string; endDate: string; subProjectIds: string[]; subMilestones: { id: string; name: string; order: number; progress: number; status: "Completed"; startDate: string; endDate: string; }[]; }' but required in type 'Milestone'.
src/data/mock-data.ts(50,7): error TS2741: Property 'order' is missing in type '{ id: string; name: string; progress: number; color: string; startDate: string; endDate: string; subProjectIds: string[]; subMilestones: ({ id: string; name: string; order: number; progress: number; status: "In Progress"; startDate: string; endDate: string; } | { ...; })[]; }' but required in type 'Milestone'.
src/data/mock-data.ts(123,7): error TS2741: Property 'order' is missing in type '{ id: string; name: string; progress: number; color: string; startDate: string; endDate: string; subMilestones: ({ id: string; name: string; order: number; progress: number; status: "Completed"; startDate: string; endDate: string; } | { ...; })[]; }' but required in type 'Milestone'.
src/data/mock-data.ts(308,3): error TS2741: Property 'order' is missing in type '{ id: string; projectId: string; title: string; description: string; status: "Pending"; priority: "Medium"; deadline: string; startDate: string; endDate: string; duration: number; dependencies: never[]; }' but required in type 'Task'.
src/data/mock-data.ts(672,15): error TS2741: Property 'description' is missing in type '{ id: string; title: string; order: number; durationDays: number; projectId: string; status: "Pending"; priority: "High"; deadline: string; role: string; subtasks: { id: string; name: string; order: number; isCompleted: false; isChecklist: true; }[]; }' but required in type 'Task'.
src/data/mock-data.ts(685,15): error TS2741: Property 'description' is missing in type '{ id: string; title: string; order: number; durationDays: number; projectId: string; status: "Pending"; priority: "High"; deadline: string; role: string; subtasks: { id: string; name: string; order: number; isCompleted: false; isChecklist: true; }[]; }' but required in type 'Task'.
src/data/mock-data.ts(693,15): error TS2741: Property 'description' is missing in type '{ id: string; title: string; order: number; durationDays: number; projectId: string; status: "Pending"; priority: "High"; deadline: string; role: string; subtasks: { id: string; name: string; order: number; isCompleted: false; isChecklist: true; }[]; }' but required in type 'Task'.
src/data/mock-data.ts(706,15): error TS2741: Property 'description' is missing in type '{ id: string; title: string; order: number; durationDays: number; projectId: string; status: "Pending"; priority: "Critical"; deadline: string; role: string; subtasks: { id: string; name: string; order: number; isCompleted: false; isChecklist: true; }[]; }' but required in type 'Task'.
src/data/mock-data.ts(724,15): error TS2741: Property 'description' is missing in type '{ id: string; title: string; order: number; durationDays: number; projectId: string; status: "Pending"; priority: "Medium"; deadline: string; role: string; subtasks: { id: string; name: string; order: number; isCompleted: false; isChecklist: true; }[]; }' but required in type 'Task'.
src/data/mock-data.ts(736,15): error TS2741: Property 'description' is missing in type '{ id: string; title: string; order: number; durationDays: number; projectId: string; status: "Pending"; priority: "High"; deadline: string; role: string; subtasks: { id: string; name: string; order: number; isCompleted: false; isChecklist: true; }[]; }' but required in type 'Task'.
src/data/mock-data.ts(749,15): error TS2741: Property 'description' is missing in type '{ id: string; title: string; order: number; durationDays: number; projectId: string; status: "Pending"; priority: "High"; deadline: string; role: string; subtasks: { id: string; name: string; order: number; isCompleted: false; isChecklist: true; }[]; }' but required in type 'Task'.
src/data/mock-data.ts(756,15): error TS2741: Property 'description' is missing in type '{ id: string; title: string; order: number; durationDays: number; projectId: string; status: "Pending"; priority: "High"; deadline: string; role: string; subtasks: { id: string; name: string; order: number; isCompleted: false; isChecklist: true; }[]; }' but required in type 'Task'.
src/data/mock-data.ts(773,15): error TS2741: Property 'description' is missing in type '{ id: string; title: string; order: number; durationDays: number; projectId: string; status: "Pending"; priority: "High"; deadline: string; role: string; subtasks: { id: string; name: string; order: number; isCompleted: false; isChecklist: true; }[]; }' but required in type 'Task'.
src/data/mock-data.ts(781,15): error TS2741: Property 'description' is missing in type '{ id: string; title: string; order: number; durationDays: number; projectId: string; status: "Pending"; priority: "High"; deadline: string; role: string; subtasks: { id: string; name: string; order: number; isCompleted: false; isChecklist: true; }[]; }' but required in type 'Task'.
src/data/mock-data.ts(794,15): error TS2741: Property 'description' is missing in type '{ id: string; title: string; order: number; durationDays: number; projectId: string; status: "Pending"; priority: "Medium"; deadline: string; role: string; subtasks: { id: string; name: string; order: number; isCompleted: false; isChecklist: true; }[]; }' but required in type 'Task'.
src/data/mock-data.ts(801,15): error TS2741: Property 'description' is missing in type '{ id: string; title: string; order: number; durationDays: number; projectId: string; status: "Pending"; priority: "Medium"; deadline: string; role: string; subtasks: { id: string; name: string; order: number; isCompleted: false; isChecklist: true; }[]; }' but required in type 'Task'.
src/data/mock-data.ts(818,15): error TS2741: Property 'description' is missing in type '{ id: string; title: string; order: number; durationDays: number; projectId: string; status: "Pending"; priority: "High"; deadline: string; role: string; subtasks: { id: string; name: string; order: number; isCompleted: false; isChecklist: true; }[]; }' but required in type 'Task'.
src/data/mock-data.ts(825,15): error TS2741: Property 'description' is missing in type '{ id: string; title: string; order: number; durationDays: number; projectId: string; status: "Pending"; priority: "High"; deadline: string; role: string; subtasks: { id: string; name: string; order: number; isCompleted: false; isChecklist: true; }[]; }' but required in type 'Task'.
src/data/mock-data.ts(837,15): error TS2741: Property 'description' is missing in type '{ id: string; title: string; order: number; durationDays: number; projectId: string; status: "Pending"; priority: "Medium"; deadline: string; role: string; subtasks: { id: string; name: string; order: number; isCompleted: false; isChecklist: true; }[]; }' but required in type 'Task'.
src/data/mock-data.ts(845,15): error TS2741: Property 'description' is missing in type '{ id: string; title: string; order: number; durationDays: number; projectId: string; status: "Pending"; priority: "High"; deadline: string; role: string; subtasks: { id: string; name: string; order: number; isCompleted: false; isChecklist: true; }[]; }' but required in type 'Task'.
src/data/mock-data.ts(871,15): error TS2741: Property 'description' is missing in type '{ id: string; title: string; order: number; durationDays: number; projectId: string; status: "Pending"; priority: "Medium"; deadline: string; role: string; subtasks: { id: string; name: string; order: number; isCompleted: false; isChecklist: true; }[]; }' but required in type 'Task'.
src/data/mock-data.ts(883,15): error TS2741: Property 'description' is missing in type '{ id: string; title: string; order: number; durationDays: number; projectId: string; status: "Pending"; priority: "High"; deadline: string; role: string; subtasks: { id: string; name: string; order: number; isCompleted: false; isChecklist: true; }[]; }' but required in type 'Task'.
src/data/mock-data.ts(891,15): error TS2741: Property 'description' is missing in type '{ id: string; title: string; order: number; durationDays: number; projectId: string; status: "Pending"; priority: "High"; deadline: string; role: string; subtasks: { id: string; name: string; order: number; isCompleted: false; isChecklist: true; }[]; }' but required in type 'Task'.
src/data/mock-data.ts(908,15): error TS2741: Property 'description' is missing in type '{ id: string; title: string; order: number; durationDays: number; projectId: string; status: "Pending"; priority: "High"; deadline: string; role: string; subtasks: { id: string; name: string; order: number; isCompleted: false; isChecklist: true; }[]; }' but required in type 'Task'.
src/data/mock-data.ts(925,15): error TS2741: Property 'description' is missing in type '{ id: string; title: string; order: number; durationDays: number; projectId: string; status: "Pending"; priority: "High"; deadline: string; role: string; subtasks: { id: string; name: string; order: number; isCompleted: false; isChecklist: true; }[]; }' but required in type 'Task'.
src/data/mock-data.ts(942,15): error TS2741: Property 'description' is missing in type '{ id: string; title: string; order: number; durationDays: number; projectId: string; status: "Pending"; priority: "High"; deadline: string; role: string; subtasks: { id: string; name: string; order: number; isCompleted: false; isChecklist: true; }[]; }' but required in type 'Task'.
src/data/mock-data.ts(960,15): error TS2741: Property 'description' is missing in type '{ id: string; title: string; order: number; durationDays: number; projectId: string; status: "Pending"; priority: "Medium"; deadline: string; role: string; subtasks: { id: string; name: string; order: number; isCompleted: false; isChecklist: true; }[]; }' but required in type 'Task'.
src/data/mock-data.ts(977,15): error TS2741: Property 'description' is missing in type '{ id: string; title: string; order: number; durationDays: number; projectId: string; status: "Pending"; priority: "High"; deadline: string; role: string; subtasks: { id: string; name: string; order: number; isCompleted: false; isChecklist: true; }[]; }' but required in type 'Task'.
src/data/mock-data.ts(989,15): error TS2741: Property 'description' is missing in type '{ id: string; title: string; order: number; durationDays: number; projectId: string; status: "Pending"; priority: "Critical"; deadline: string; role: string; subtasks: { id: string; name: string; order: number; isCompleted: false; isChecklist: true; }[]; }' but required in type 'Task'.
src/data/mock-data.ts(1014,15): error TS2741: Property 'description' is missing in type '{ id: string; title: string; order: number; durationDays: number; projectId: string; status: "Pending"; priority: "High"; deadline: string; role: string; subtasks: { id: string; name: string; order: number; isCompleted: false; isChecklist: true; }[]; }' but required in type 'Task'.
src/data/mock-data.ts(1021,15): error TS2741: Property 'description' is missing in type '{ id: string; title: string; order: number; durationDays: number; projectId: string; status: "Pending"; priority: "High"; deadline: string; role: string; subtasks: { id: string; name: string; order: number; isCompleted: false; isChecklist: true; }[]; }' but required in type 'Task'.
src/data/mock-data.ts(1033,15): error TS2741: Property 'description' is missing in type '{ id: string; title: string; order: number; durationDays: number; projectId: string; status: "Pending"; priority: "High"; deadline: string; role: string; subtasks: { id: string; name: string; order: number; isCompleted: false; isChecklist: true; }[]; }' but required in type 'Task'.
src/data/mock-data.ts(1040,15): error TS2741: Property 'description' is missing in type '{ id: string; title: string; order: number; durationDays: number; projectId: string; status: "Pending"; priority: "Medium"; deadline: string; role: string; subtasks: { id: string; name: string; order: number; isCompleted: false; isChecklist: true; }[]; }' but required in type 'Task'.
src/data/mock-data.ts(1057,15): error TS2741: Property 'description' is missing in type '{ id: string; title: string; order: number; durationDays: number; projectId: string; status: "Pending"; priority: "High"; deadline: string; role: string; subtasks: { id: string; name: string; order: number; isCompleted: false; isChecklist: true; }[]; dependencies: { ...; }[]; }' but required in type 'Task'.
src/data/mock-data.ts(1070,15): error TS2741: Property 'description' is missing in type '{ id: string; title: string; order: number; durationDays: number; projectId: string; status: "Pending"; priority: "High"; deadline: string; role: string; subtasks: { id: string; name: string; order: number; isCompleted: false; isChecklist: true; }[]; }' but required in type 'Task'.
src/data/mock-data.ts(1077,15): error TS2741: Property 'description' is missing in type '{ id: string; title: string; order: number; durationDays: number; projectId: string; status: "Pending"; priority: "High"; deadline: string; role: string; subtasks: { id: string; name: string; order: number; isCompleted: false; isChecklist: true; }[]; dependencies: { ...; }[]; }' but required in type 'Task'.
src/data/mock-data.ts(1085,15): error TS2741: Property 'description' is missing in type '{ id: string; title: string; order: number; durationDays: number; projectId: string; status: "Pending"; priority: "High"; deadline: string; role: string; subtasks: { id: string; name: string; order: number; isCompleted: false; isChecklist: true; }[]; }' but required in type 'Task'.
src/data/mock-data.ts(1092,15): error TS2741: Property 'description' is missing in type '{ id: string; title: string; order: number; durationDays: number; projectId: string; status: "Pending"; priority: "High"; deadline: string; role: string; subtasks: { id: string; name: string; order: number; isCompleted: false; isChecklist: true; }[]; }' but required in type 'Task'.
src/data/mock-data.ts(1109,15): error TS2741: Property 'description' is missing in type '{ id: string; title: string; order: number; durationDays: number; projectId: string; status: "Pending"; priority: "Critical"; deadline: string; role: string; subtasks: { id: string; name: string; order: number; isCompleted: false; isChecklist: true; }[]; }' but required in type 'Task'.
src/data/mock-data.ts(1122,15): error TS2741: Property 'description' is missing in type '{ id: string; title: string; order: number; durationDays: number; projectId: string; status: "Pending"; priority: "High"; deadline: string; role: string; subtasks: { id: string; name: string; order: number; isCompleted: false; isChecklist: true; }[]; }' but required in type 'Task'.
src/data/mock-data.ts(1129,15): error TS2741: Property 'description' is missing in type '{ id: string; title: string; order: number; durationDays: number; projectId: string; status: "Pending"; priority: "High"; deadline: string; role: string; subtasks: { id: string; name: string; order: number; isCompleted: false; isChecklist: true; }[]; }' but required in type 'Task'.
src/data/mock-data.ts(1146,15): error TS2741: Property 'description' is missing in type '{ id: string; title: string; order: number; durationDays: number; projectId: string; status: "Pending"; priority: "High"; deadline: string; role: string; subtasks: { id: string; name: string; order: number; isCompleted: false; isChecklist: true; }[]; dependencies: { ...; }[]; }' but required in type 'Task'.
src/data/mock-data.ts(1160,15): error TS2741: Property 'description' is missing in type '{ id: string; title: string; order: number; durationDays: number; projectId: string; status: "Pending"; priority: "High"; deadline: string; role: string; subtasks: { id: string; name: string; order: number; isCompleted: false; isChecklist: true; }[]; }' but required in type 'Task'.
src/data/mock-data.ts(1177,15): error TS2741: Property 'description' is missing in type '{ id: string; title: string; order: number; durationDays: number; projectId: string; status: "Pending"; priority: "High"; deadline: string; role: string; subtasks: { id: string; name: string; order: number; isCompleted: false; isChecklist: true; }[]; }' but required in type 'Task'.
src/data/mock-data.ts(1189,15): error TS2741: Property 'description' is missing in type '{ id: string; title: string; order: number; durationDays: number; projectId: string; status: "Pending"; priority: "High"; deadline: string; role: string; subtasks: { id: string; name: string; order: number; isCompleted: false; isChecklist: true; }[]; dependencies: { ...; }[]; }' but required in type 'Task'.
src/data/mock-data.ts(1208,15): error TS2741: Property 'description' is missing in type '{ id: string; title: string; order: number; durationDays: number; projectId: string; status: "Pending"; priority: "High"; deadline: string; role: string; subtasks: { id: string; name: string; order: number; isCompleted: false; isChecklist: true; }[]; }' but required in type 'Task'.
src/data/mock-data.ts(1215,15): error TS2741: Property 'description' is missing in type '{ id: string; title: string; order: number; durationDays: number; projectId: string; status: "Pending"; priority: "High"; deadline: string; role: string; subtasks: { id: string; name: string; order: number; isCompleted: false; isChecklist: true; }[]; dependencies: { ...; }[]; }' but required in type 'Task'.
src/data/mock-data.ts(1228,15): error TS2741: Property 'description' is missing in type '{ id: string; title: string; order: number; durationDays: number; projectId: string; status: "Pending"; priority: "Medium"; deadline: string; role: string; subtasks: { id: string; name: string; order: number; isCompleted: false; isChecklist: true; }[]; dependencies: { ...; }[]; }' but required in type 'Task'.
src/data/mock-data.ts(1246,15): error TS2741: Property 'description' is missing in type '{ id: string; title: string; order: number; durationDays: number; projectId: string; status: "Pending"; priority: "High"; deadline: string; role: string; subtasks: { id: string; name: string; order: number; isCompleted: false; isChecklist: true; }[]; dependencies: { ...; }[]; }' but required in type 'Task'.
src/data/mock-data.ts(1259,15): error TS2741: Property 'description' is missing in type '{ id: string; title: string; order: number; durationDays: number; projectId: string; status: "Pending"; priority: "High"; deadline: string; role: string; subtasks: { id: string; name: string; order: number; isCompleted: false; isChecklist: true; }[]; }' but required in type 'Task'.
src/data/mock-data.ts(1276,15): error TS2741: Property 'description' is missing in type '{ id: string; title: string; order: number; durationDays: number; projectId: string; status: "Pending"; priority: "High"; deadline: string; role: string; subtasks: { id: string; name: string; order: number; isCompleted: false; isChecklist: true; }[]; dependencies: { ...; }[]; }' but required in type 'Task'.
src/data/mock-data.ts(1289,15): error TS2741: Property 'description' is missing in type '{ id: string; title: string; order: number; durationDays: number; projectId: string; status: "Pending"; priority: "High"; deadline: string; role: string; subtasks: { id: string; name: string; order: number; isCompleted: false; isChecklist: true; }[]; dependencies: { ...; }[]; }' but required in type 'Task'.
src/data/mock-data.ts(1302,15): error TS2741: Property 'description' is missing in type '{ id: string; title: string; order: number; durationDays: number; projectId: string; status: "Pending"; priority: "High"; deadline: string; role: string; subtasks: { id: string; name: string; order: number; isCompleted: false; isChecklist: true; }[]; dependencies: { ...; }[]; }' but required in type 'Task'.
src/data/mock-data.ts(1320,15): error TS2741: Property 'description' is missing in type '{ id: string; title: string; order: number; durationDays: number; projectId: string; status: "Pending"; priority: "High"; deadline: string; role: string; subtasks: { id: string; name: string; order: number; isCompleted: false; isChecklist: true; }[]; dependencies: { ...; }[]; }' but required in type 'Task'.
src/data/mock-data.ts(1333,15): error TS2741: Property 'description' is missing in type '{ id: string; title: string; order: number; durationDays: number; projectId: string; status: "Pending"; priority: "Critical"; deadline: string; role: string; subtasks: { id: string; name: string; order: number; isCompleted: false; isChecklist: true; }[]; dependencies: { ...; }[]; }' but required in type 'Task'.
src/data/mock-data.ts(1351,15): error TS2741: Property 'description' is missing in type '{ id: string; title: string; order: number; durationDays: number; projectId: string; status: "Pending"; priority: "Medium"; deadline: string; role: string; subtasks: { id: string; name: string; order: number; isCompleted: false; isChecklist: true; }[]; dependencies: { ...; }[]; }' but required in type 'Task'.
src/data/mock-data.ts(1364,15): error TS2741: Property 'description' is missing in type '{ id: string; title: string; order: number; durationDays: number; projectId: string; status: "Pending"; priority: "High"; deadline: string; role: string; subtasks: { id: string; name: string; order: number; isCompleted: false; isChecklist: true; }[]; dependencies: { ...; }[]; }' but required in type 'Task'.
src/data/mock-data.ts(1390,15): error TS2741: Property 'description' is missing in type '{ id: string; title: string; order: number; durationDays: number; projectId: string; status: "Pending"; priority: "High"; deadline: string; role: string; subtasks: { id: string; name: string; order: number; isCompleted: false; isChecklist: true; }[]; }' but required in type 'Task'.
src/data/mock-data.ts(1403,15): error TS2741: Property 'description' is missing in type '{ id: string; title: string; order: number; durationDays: number; projectId: string; status: "Pending"; priority: "High"; deadline: string; role: string; subtasks: { id: string; name: string; order: number; isCompleted: false; isChecklist: true; }[]; }' but required in type 'Task'.
src/data/mock-data.ts(1410,15): error TS2741: Property 'description' is missing in type '{ id: string; title: string; order: number; durationDays: number; projectId: string; status: "Pending"; priority: "High"; deadline: string; role: string; subtasks: { id: string; name: string; order: number; isCompleted: false; isChecklist: true; }[]; }' but required in type 'Task'.
src/data/mock-data.ts(1428,15): error TS2741: Property 'description' is missing in type '{ id: string; title: string; order: number; durationDays: number; projectId: string; status: "Pending"; priority: "High"; deadline: string; role: string; subtasks: { id: string; name: string; order: number; isCompleted: false; isChecklist: true; }[]; dependencies: { ...; }[]; }' but required in type 'Task'.
src/data/mock-data.ts(1436,15): error TS2741: Property 'description' is missing in type '{ id: string; title: string; order: number; durationDays: number; projectId: string; status: "Pending"; priority: "Medium"; deadline: string; role: string; subtasks: { id: string; name: string; order: number; isCompleted: false; isChecklist: true; }[]; }' but required in type 'Task'.
src/data/mock-data.ts(1448,15): error TS2741: Property 'description' is missing in type '{ id: string; title: string; order: number; durationDays: number; projectId: string; status: "Pending"; priority: "Critical"; deadline: string; role: string; subtasks: { id: string; name: string; order: number; isCompleted: false; isChecklist: true; }[]; dependencies: { ...; }[]; }' but required in type 'Task'.
src/data/mock-data.ts(1457,15): error TS2741: Property 'description' is missing in type '{ id: string; title: string; order: number; durationDays: number; projectId: string; status: "Pending"; priority: "High"; deadline: string; role: string; subtasks: { id: string; name: string; order: number; isCompleted: false; isChecklist: true; }[]; }' but required in type 'Task'.
src/data/mock-data.ts(1474,15): error TS2741: Property 'description' is missing in type '{ id: string; title: string; order: number; durationDays: number; projectId: string; status: "Pending"; priority: "Critical"; deadline: string; role: string; subtasks: { id: string; name: string; order: number; isCompleted: false; isChecklist: true; }[]; }' but required in type 'Task'.
src/data/mock-data.ts(1486,15): error TS2741: Property 'description' is missing in type '{ id: string; title: string; order: number; durationDays: number; projectId: string; status: "Pending"; priority: "High"; deadline: string; role: string; subtasks: { id: string; name: string; order: number; isCompleted: false; isChecklist: true; }[]; dependencies: { ...; }[]; }' but required in type 'Task'.
src/data/mock-data.ts(1504,15): error TS2741: Property 'description' is missing in type '{ id: string; title: string; order: number; durationDays: number; projectId: string; status: "Pending"; priority: "Medium"; deadline: string; role: string; subtasks: { id: string; name: string; order: number; isCompleted: false; isChecklist: true; }[]; dependencies: { ...; }[]; }' but required in type 'Task'.
src/data/mock-data.ts(1517,15): error TS2741: Property 'description' is missing in type '{ id: string; title: string; order: number; durationDays: number; projectId: string; status: "Pending"; priority: "High"; deadline: string; role: string; subtasks: { id: string; name: string; order: number; isCompleted: false; isChecklist: true; }[]; dependencies: { ...; }[]; }' but required in type 'Task'.
src/data/mock-data.ts(1531,15): error TS2741: Property 'description' is missing in type '{ id: string; title: string; order: number; durationDays: number; projectId: string; status: "Pending"; priority: "High"; deadline: string; role: string; subtasks: { id: string; name: string; order: number; isCompleted: false; isChecklist: true; }[]; dependencies: { ...; }[]; }' but required in type 'Task'.
src/data/mock-data.ts(1549,15): error TS2741: Property 'description' is missing in type '{ id: string; title: string; order: number; durationDays: number; projectId: string; status: "Pending"; priority: "High"; deadline: string; role: string; subtasks: { id: string; name: string; order: number; isCompleted: false; isChecklist: true; }[]; dependencies: { ...; }[]; }' but required in type 'Task'.
src/data/mock-data.ts(1563,15): error TS2741: Property 'description' is missing in type '{ id: string; title: string; order: number; durationDays: number; projectId: string; status: "Pending"; priority: "High"; deadline: string; role: string; subtasks: { id: string; name: string; order: number; isCompleted: false; isChecklist: true; }[]; dependencies: { ...; }[]; }' but required in type 'Task'.
src/data/mock-data.ts(1581,15): error TS2741: Property 'description' is missing in type '{ id: string; title: string; order: number; durationDays: number; projectId: string; status: "Pending"; priority: "High"; deadline: string; role: string; subtasks: { id: string; name: string; order: number; isCompleted: false; isChecklist: true; }[]; dependencies: { ...; }[]; }' but required in type 'Task'.
src/data/mock-data.ts(1594,15): error TS2741: Property 'description' is missing in type '{ id: string; title: string; order: number; durationDays: number; projectId: string; status: "Pending"; priority: "High"; deadline: string; role: string; subtasks: { id: string; name: string; order: number; isCompleted: false; isChecklist: true; }[]; dependencies: { ...; }[]; }' but required in type 'Task'.
src/data/mock-data.ts(1612,15): error TS2741: Property 'description' is missing in type '{ id: string; title: string; order: number; durationDays: number; projectId: string; status: "Pending"; priority: "Medium"; deadline: string; role: string; subtasks: { id: string; name: string; order: number; isCompleted: false; isChecklist: true; }[]; }' but required in type 'Task'.
src/data/mock-data.ts(1624,15): error TS2741: Property 'description' is missing in type '{ id: string; title: string; order: number; durationDays: number; projectId: string; status: "Pending"; priority: "High"; deadline: string; role: string; subtasks: { id: string; name: string; order: number; isCompleted: false; isChecklist: true; }[]; dependencies: { ...; }[]; }' but required in type 'Task'.
src/data/mock-data.ts(1642,15): error TS2741: Property 'description' is missing in type '{ id: string; title: string; order: number; durationDays: number; projectId: string; status: "Pending"; priority: "High"; deadline: string; role: string; subtasks: { id: string; name: string; order: number; isCompleted: false; isChecklist: true; }[]; dependencies: { ...; }[]; }' but required in type 'Task'.
src/data/mock-data.ts(1655,15): error TS2741: Property 'description' is missing in type '{ id: string; title: string; order: number; durationDays: number; projectId: string; status: "Pending"; priority: "High"; deadline: string; role: string; subtasks: { id: string; name: string; order: number; isCompleted: false; isChecklist: true; }[]; dependencies: { ...; }[]; }' but required in type 'Task'.
src/data/mock-data.ts(1673,15): error TS2741: Property 'description' is missing in type '{ id: string; title: string; order: number; durationDays: number; projectId: string; status: "Pending"; priority: "High"; deadline: string; role: string; subtasks: { id: string; name: string; order: number; isCompleted: false; isChecklist: true; }[]; }' but required in type 'Task'.
src/data/mock-data.ts(1685,15): error TS2741: Property 'description' is missing in type '{ id: string; title: string; order: number; durationDays: number; projectId: string; status: "Pending"; priority: "Critical"; deadline: string; role: string; subtasks: { id: string; name: string; order: number; isCompleted: false; isChecklist: true; }[]; dependencies: { ...; }[]; }' but required in type 'Task'.
src/data/mock-data.ts(1703,15): error TS2741: Property 'description' is missing in type '{ id: string; title: string; order: number; durationDays: number; projectId: string; status: "Pending"; priority: "High"; deadline: string; role: string; subtasks: { id: string; name: string; order: number; isCompleted: false; isChecklist: true; }[]; dependencies: { ...; }[]; }' but required in type 'Task'.
src/data/mock-data.ts(1716,15): error TS2741: Property 'description' is missing in type '{ id: string; title: string; order: number; durationDays: number; projectId: string; status: "Pending"; priority: "Medium"; deadline: string; role: string; subtasks: { id: string; name: string; order: number; isCompleted: false; isChecklist: true; }[]; }' but required in type 'Task'.
src/data/mock-data.ts(1741,15): error TS2741: Property 'description' is missing in type '{ id: string; title: string; order: number; durationDays: number; projectId: string; status: "Pending"; priority: "High"; deadline: string; role: string; subtasks: { id: string; name: string; order: number; isCompleted: false; isChecklist: true; }[]; }' but required in type 'Task'.
src/data/mock-data.ts(1754,15): error TS2741: Property 'description' is missing in type '{ id: string; title: string; order: number; durationDays: number; projectId: string; status: "Pending"; priority: "High"; deadline: string; role: string; subtasks: { id: string; name: string; order: number; isCompleted: false; isChecklist: true; }[]; }' but required in type 'Task'.
src/data/mock-data.ts(1772,15): error TS2741: Property 'description' is missing in type '{ id: string; title: string; order: number; durationDays: number; projectId: string; status: "Pending"; priority: "High"; deadline: string; role: string; subtasks: { id: string; name: string; order: number; isCompleted: false; isChecklist: true; }[]; dependencies: { ...; }[]; }' but required in type 'Task'.
src/data/mock-data.ts(1780,15): error TS2741: Property 'description' is missing in type '{ id: string; title: string; order: number; durationDays: number; projectId: string; status: "Pending"; priority: "High"; deadline: string; role: string; subtasks: { id: string; name: string; order: number; isCompleted: false; isChecklist: true; }[]; dependencies: { ...; }[]; }' but required in type 'Task'.
src/data/mock-data.ts(1793,15): error TS2741: Property 'description' is missing in type '{ id: string; title: string; order: number; durationDays: number; projectId: string; status: "Pending"; priority: "High"; deadline: string; role: string; subtasks: { id: string; name: string; order: number; isCompleted: false; isChecklist: true; }[]; }' but required in type 'Task'.
src/data/mock-data.ts(1800,15): error TS2741: Property 'description' is missing in type '{ id: string; title: string; order: number; durationDays: number; projectId: string; status: "Pending"; priority: "High"; deadline: string; role: string; subtasks: { id: string; name: string; order: number; isCompleted: false; isChecklist: true; }[]; }' but required in type 'Task'.
src/data/mock-data.ts(1813,15): error TS2741: Property 'description' is missing in type '{ id: string; title: string; order: number; durationDays: number; projectId: string; status: "Pending"; priority: "Critical"; deadline: string; role: string; subtasks: { id: string; name: string; order: number; isCompleted: false; isChecklist: true; }[]; }' but required in type 'Task'.
src/data/mock-data.ts(1831,15): error TS2741: Property 'description' is missing in type '{ id: string; title: string; order: number; durationDays: number; projectId: string; status: "Pending"; priority: "Critical"; deadline: string; role: string; subtasks: { id: string; name: string; order: number; isCompleted: false; isChecklist: true; }[]; dependencies: { ...; }[]; }' but required in type 'Task'.
src/data/mock-data.ts(1845,15): error TS2741: Property 'description' is missing in type '{ id: string; title: string; order: number; durationDays: number; projectId: string; status: "Pending"; priority: "High"; deadline: string; role: string; subtasks: { id: string; name: string; order: number; isCompleted: false; isChecklist: true; }[]; }' but required in type 'Task'.
src/data/mock-data.ts(1852,15): error TS2741: Property 'description' is missing in type '{ id: string; title: string; order: number; durationDays: number; projectId: string; status: "Pending"; priority: "Medium"; deadline: string; role: string; subtasks: { id: string; name: string; order: number; isCompleted: false; isChecklist: true; }[]; }' but required in type 'Task'.
src/data/mock-data.ts(1869,15): error TS2741: Property 'description' is missing in type '{ id: string; title: string; order: number; durationDays: number; projectId: string; status: "Pending"; priority: "High"; deadline: string; role: string; subtasks: { id: string; name: string; order: number; isCompleted: false; isChecklist: true; }[]; dependencies: { ...; }[]; }' but required in type 'Task'.
src/data/mock-data.ts(1883,15): error TS2741: Property 'description' is missing in type '{ id: string; title: string; order: number; durationDays: number; projectId: string; status: "Pending"; priority: "High"; deadline: string; role: string; subtasks: { id: string; name: string; order: number; isCompleted: false; isChecklist: true; }[]; dependencies: { ...; }[]; }' but required in type 'Task'.
src/data/mock-data.ts(1902,15): error TS2741: Property 'description' is missing in type '{ id: string; title: string; order: number; durationDays: number; projectId: string; status: "Pending"; priority: "Medium"; deadline: string; role: string; subtasks: { id: string; name: string; order: number; isCompleted: false; isChecklist: true; }[]; dependencies: { ...; }[]; }' but required in type 'Task'.
src/data/mock-data.ts(1915,15): error TS2741: Property 'description' is missing in type '{ id: string; title: string; order: number; durationDays: number; projectId: string; status: "Pending"; priority: "Medium"; deadline: string; role: string; subtasks: { id: string; name: string; order: number; isCompleted: false; isChecklist: true; }[]; }' but required in type 'Task'.
src/data/mock-data.ts(1932,15): error TS2741: Property 'description' is missing in type '{ id: string; title: string; order: number; durationDays: number; projectId: string; status: "Pending"; priority: "High"; deadline: string; role: string; subtasks: { id: string; name: string; order: number; isCompleted: false; isChecklist: true; }[]; dependencies: { ...; }[]; }' but required in type 'Task'.
src/data/mock-data.ts(1946,15): error TS2741: Property 'description' is missing in type '{ id: string; title: string; order: number; durationDays: number; projectId: string; status: "Pending"; priority: "High"; deadline: string; role: string; subtasks: { id: string; name: string; order: number; isCompleted: false; isChecklist: true; }[]; dependencies: { ...; }[]; }' but required in type 'Task'.
src/data/mock-data.ts(1964,15): error TS2741: Property 'description' is missing in type '{ id: string; title: string; order: number; durationDays: number; projectId: string; status: "Pending"; priority: "Medium"; deadline: string; role: string; subtasks: { id: string; name: string; order: number; isCompleted: false; isChecklist: true; }[]; }' but required in type 'Task'.
src/data/mock-data.ts(1976,15): error TS2741: Property 'description' is missing in type '{ id: string; title: string; order: number; durationDays: number; projectId: string; status: "Pending"; priority: "Medium"; deadline: string; role: string; subtasks: { id: string; name: string; order: number; isCompleted: false; isChecklist: true; }[]; }' but required in type 'Task'.
src/data/mock-data.ts(1988,15): error TS2741: Property 'description' is missing in type '{ id: string; title: string; order: number; durationDays: number; projectId: string; status: "Pending"; priority: "Critical"; deadline: string; role: string; subtasks: { id: string; name: string; order: number; isCompleted: false; isChecklist: true; }[]; }' but required in type 'Task'.
src/data/mock-data.ts(1995,15): error TS2741: Property 'description' is missing in type '{ id: string; title: string; order: number; durationDays: number; projectId: string; status: "Pending"; priority: "High"; deadline: string; role: string; subtasks: { id: string; name: string; order: number; isCompleted: false; isChecklist: true; }[]; }' but required in type 'Task'.
src/data/mock-data.ts(2012,15): error TS2741: Property 'description' is missing in type '{ id: string; title: string; order: number; durationDays: number; projectId: string; status: "Pending"; priority: "Medium"; deadline: string; role: string; subtasks: { id: string; name: string; order: number; isCompleted: false; isChecklist: true; }[]; }' but required in type 'Task'.
src/data/mock-data.ts(2024,15): error TS2741: Property 'description' is missing in type '{ id: string; title: string; order: number; durationDays: number; projectId: string; status: "Pending"; priority: "Medium"; deadline: string; role: string; subtasks: { id: string; name: string; order: number; isCompleted: false; isChecklist: true; }[]; dependencies: { ...; }[]; }' but required in type 'Task'.
src/data/mock-data.ts(2042,15): error TS2741: Property 'description' is missing in type '{ id: string; title: string; order: number; durationDays: number; projectId: string; status: "Pending"; priority: "High"; deadline: string; role: string; subtasks: { id: string; name: string; order: number; isCompleted: false; isChecklist: true; }[]; }' but required in type 'Task'.
src/data/mock-data.ts(2054,15): error TS2741: Property 'description' is missing in type '{ id: string; title: string; order: number; durationDays: number; projectId: string; status: "Pending"; priority: "Critical"; deadline: string; role: string; subtasks: { id: string; name: string; order: number; isCompleted: false; isChecklist: true; }[]; dependencies: { ...; }[]; }' but required in type 'Task'.
src/data/mock-data.ts(2067,15): error TS2741: Property 'description' is missing in type '{ id: string; title: string; order: number; durationDays: number; projectId: string; status: "Pending"; priority: "Critical"; deadline: string; role: string; subtasks: { id: string; name: string; order: number; isCompleted: false; isChecklist: true; }[]; dependencies: { ...; }[]; }' but required in type 'Task'.
src/data/mock-data.ts(2085,15): error TS2741: Property 'description' is missing in type '{ id: string; title: string; order: number; durationDays: number; projectId: string; status: "Pending"; priority: "High"; deadline: string; role: string; subtasks: { id: string; name: string; order: number; isCompleted: false; isChecklist: true; }[]; dependencies: { ...; }[]; }' but required in type 'Task'.
src/data/mock-data.ts(2098,15): error TS2741: Property 'description' is missing in type '{ id: string; title: string; order: number; durationDays: number; projectId: string; status: "Pending"; priority: "Medium"; deadline: string; role: string; subtasks: { id: string; name: string; order: number; isCompleted: false; isChecklist: true; }[]; }' but required in type 'Task'.
src/data/mock-data.ts(2123,15): error TS2741: Property 'description' is missing in type '{ id: string; title: string; order: number; durationDays: number; projectId: string; status: "Pending"; priority: "Critical"; deadline: string; role: string; subtasks: { id: string; name: string; order: number; isCompleted: false; isChecklist: true; }[]; }' but required in type 'Task'.
src/data/mock-data.ts(2136,15): error TS2741: Property 'description' is missing in type '{ id: string; title: string; order: number; durationDays: number; projectId: string; status: "Pending"; priority: "High"; deadline: string; role: string; subtasks: { id: string; name: string; order: number; isCompleted: false; isChecklist: true; }[]; }' but required in type 'Task'.
src/data/mock-data.ts(2149,15): error TS2741: Property 'description' is missing in type '{ id: string; title: string; order: number; durationDays: number; projectId: string; status: "Pending"; priority: "High"; deadline: string; role: string; subtasks: { id: string; name: string; order: number; isCompleted: false; isChecklist: true; }[]; }' but required in type 'Task'.
src/data/mock-data.ts(2167,15): error TS2741: Property 'description' is missing in type '{ id: string; title: string; order: number; durationDays: number; projectId: string; status: "Pending"; priority: "Medium"; deadline: string; role: string; subtasks: { id: string; name: string; order: number; isCompleted: false; isChecklist: true; }[]; dependencies: { ...; }[]; }' but required in type 'Task'.
src/data/mock-data.ts(2185,15): error TS2741: Property 'description' is missing in type '{ id: string; title: string; order: number; durationDays: number; projectId: string; status: "Pending"; priority: "High"; deadline: string; role: string; subtasks: { id: string; name: string; order: number; isCompleted: false; isChecklist: true; }[]; dependencies: { ...; }[]; }' but required in type 'Task'.
src/data/mock-data.ts(2199,15): error TS2741: Property 'description' is missing in type '{ id: string; title: string; order: number; durationDays: number; projectId: string; status: "Pending"; priority: "Medium"; deadline: string; role: string; subtasks: { id: string; name: string; order: number; isCompleted: false; isChecklist: true; }[]; }' but required in type 'Task'.
src/data/mock-data.ts(2216,15): error TS2741: Property 'description' is missing in type '{ id: string; title: string; order: number; durationDays: number; projectId: string; status: "Pending"; priority: "High"; deadline: string; role: string; subtasks: { id: string; name: string; order: number; isCompleted: false; isChecklist: true; }[]; dependencies: { ...; }[]; }' but required in type 'Task'.
src/data/mock-data.ts(2229,15): error TS2741: Property 'description' is missing in type '{ id: string; title: string; order: number; durationDays: number; projectId: string; status: "Pending"; priority: "Medium"; deadline: string; role: string; subtasks: { id: string; name: string; order: number; isCompleted: false; isChecklist: true; }[]; }' but required in type 'Task'.
src/data/mock-data.ts(2246,15): error TS2741: Property 'description' is missing in type '{ id: string; title: string; order: number; durationDays: number; projectId: string; status: "Pending"; priority: "High"; deadline: string; role: string; subtasks: { id: string; name: string; order: number; isCompleted: false; isChecklist: true; }[]; }' but required in type 'Task'.
src/data/mock-data.ts(2258,15): error TS2741: Property 'description' is missing in type '{ id: string; title: string; order: number; durationDays: number; projectId: string; status: "Pending"; priority: "High"; deadline: string; role: string; subtasks: { id: string; name: string; order: number; isCompleted: false; isChecklist: true; }[]; }' but required in type 'Task'.
src/data/mock-data.ts(2275,15): error TS2741: Property 'description' is missing in type '{ id: string; title: string; order: number; durationDays: number; projectId: string; status: "Pending"; priority: "Medium"; deadline: string; role: string; subtasks: { id: string; name: string; order: number; isCompleted: false; isChecklist: true; }[]; }' but required in type 'Task'.
src/data/mock-data.ts(2287,15): error TS2741: Property 'description' is missing in type '{ id: string; title: string; order: number; durationDays: number; projectId: string; status: "Pending"; priority: "Medium"; deadline: string; role: string; subtasks: { id: string; name: string; order: number; isCompleted: false; isChecklist: true; }[]; }' but required in type 'Task'.
src/data/mock-data.ts(2299,15): error TS2741: Property 'description' is missing in type '{ id: string; title: string; order: number; durationDays: number; projectId: string; status: "Pending"; priority: "Medium"; deadline: string; role: string; subtasks: { id: string; name: string; order: number; isCompleted: false; isChecklist: true; }[]; }' but required in type 'Task'.
src/data/mock-data.ts(2316,15): error TS2741: Property 'description' is missing in type '{ id: string; title: string; order: number; durationDays: number; projectId: string; status: "Pending"; priority: "Medium"; deadline: string; role: string; subtasks: { id: string; name: string; order: number; isCompleted: false; isChecklist: true; }[]; dependencies: { ...; }[]; }' but required in type 'Task'.
src/data/mock-data.ts(2329,15): error TS2741: Property 'description' is missing in type '{ id: string; title: string; order: number; durationDays: number; projectId: string; status: "Pending"; priority: "Medium"; deadline: string; role: string; subtasks: { id: string; name: string; order: number; isCompleted: false; isChecklist: true; }[]; }' but required in type 'Task'.
src/data/mock-data.ts(2347,15): error TS2741: Property 'description' is missing in type '{ id: string; title: string; order: number; durationDays: number; projectId: string; status: "Pending"; priority: "Low"; deadline: string; role: string; subtasks: { id: string; name: string; order: number; isCompleted: false; isChecklist: true; }[]; }' but required in type 'Task'.
src/data/mock-data.ts(2359,15): error TS2741: Property 'description' is missing in type '{ id: string; title: string; order: number; durationDays: number; projectId: string; status: "Pending"; priority: "High"; deadline: string; role: string; subtasks: { id: string; name: string; order: number; isCompleted: false; isChecklist: true; }[]; }' but required in type 'Task'.
src/data/mock-data.ts(2376,15): error TS2741: Property 'description' is missing in type '{ id: string; title: string; order: number; durationDays: number; projectId: string; status: "Pending"; priority: "High"; deadline: string; role: string; subtasks: { id: string; name: string; order: number; isCompleted: false; isChecklist: true; }[]; }' but required in type 'Task'.
src/data/mock-data.ts(2388,15): error TS2741: Property 'description' is missing in type '{ id: string; title: string; order: number; durationDays: number; projectId: string; status: "Pending"; priority: "High"; deadline: string; role: string; subtasks: { id: string; name: string; order: number; isCompleted: false; isChecklist: true; }[]; }' but required in type 'Task'.
